
> samarkandrent@1.0.0 typecheck
> tsc --noEmit

src/components/ui.tsx(488,13): error TS2300: Duplicate identifier 'AppScreenProps'.
src/components/ui.tsx(490,17): error TS2323: Cannot redeclare exported variable 'AppScreen'.
src/components/ui.tsx(490,17): error TS2393: Duplicate function implementation.
src/components/ui.tsx(517,16): error TS2339: Property 'avatarContainer' does not exist on type '{ glassContainer: { overflow: "hidden"; borderWidth: number; shadowOpacity: number; shadowRadius: number; shadowOffset: { width: number; height: number; }; elevation: number; }; glassContent: { position: "relative"; }; ... 54 more ...; skeletonBadge: { ...; }; }'.
src/components/ui.tsx(529,95): error TS2769: No overload matches this call.
  Overload 1 of 2, '(props: ImageProps): Image', gave the following error.
    Type '{ source: { uri: string; }; style: (RegisteredStyle<AbsoluteFillStyle> | { borderRadius: number; })[]; contentFit: string; }' is not assignable to type 'IntrinsicAttributes & IntrinsicClassAttributes<Image> & Readonly<ImageProps>'.
      Property 'contentFit' does not exist on type 'IntrinsicAttributes & IntrinsicClassAttributes<Image> & Readonly<ImageProps>'.
  Overload 2 of 2, '(props: ImageProps, context: any): Image', gave the following error.
    Type '{ source: { uri: string; }; style: (RegisteredStyle<AbsoluteFillStyle> | { borderRadius: number; })[]; contentFit: string; }' is not assignable to type 'IntrinsicAttributes & IntrinsicClassAttributes<Image> & Readonly<ImageProps>'.
      Property 'contentFit' does not exist on type 'IntrinsicAttributes & IntrinsicClassAttributes<Image> & Readonly<ImageProps>'.
src/components/ui.tsx(531,30): error TS2339: Property 'avatarFallbackText' does not exist on type '{ glassContainer: { overflow: "hidden"; borderWidth: number; shadowOpacity: number; shadowRadius: number; shadowOffset: { width: number; height: number; }; elevation: number; }; glassContent: { position: "relative"; }; ... 54 more ...; skeletonBadge: { ...; }; }'.
src/components/ui.tsx(561,16): error TS2339: Property 'badgeContainer' does not exist on type '{ glassContainer: { overflow: "hidden"; borderWidth: number; shadowOpacity: number; shadowRadius: number; shadowOffset: { width: number; height: number; }; elevation: number; }; glassContent: { position: "relative"; }; ... 54 more ...; skeletonBadge: { ...; }; }'.
src/components/ui.tsx(569,28): error TS2339: Property 'badgeText' does not exist on type '{ glassContainer: { overflow: "hidden"; borderWidth: number; shadowOpacity: number; shadowRadius: number; shadowOffset: { width: number; height: number; }; elevation: number; }; glassContent: { position: "relative"; }; ... 54 more ...; skeletonBadge: { ...; }; }'.
src/components/ui.tsx(587,26): error TS2339: Property 'sectionWrap' does not exist on type '{ glassContainer: { overflow: "hidden"; borderWidth: number; shadowOpacity: number; shadowRadius: number; shadowOffset: { width: number; height: number; }; elevation: number; }; glassContent: { position: "relative"; }; ... 54 more ...; skeletonBadge: { ...; }; }'.
src/components/ui.tsx(588,27): error TS2339: Property 'sectionHeader' does not exist on type '{ glassContainer: { overflow: "hidden"; borderWidth: number; shadowOpacity: number; shadowRadius: number; shadowOffset: { width: number; height: number; }; elevation: number; }; glassContent: { position: "relative"; }; ... 54 more ...; skeletonBadge: { ...; }; }'.
src/components/ui.tsx(589,29): error TS2339: Property 'sectionHeaderCopy' does not exist on type '{ glassContainer: { overflow: "hidden"; borderWidth: number; shadowOpacity: number; shadowRadius: number; shadowOffset: { width: number; height: number; }; elevation: number; }; glassContent: { position: "relative"; }; ... 54 more ...; skeletonBadge: { ...; }; }'.
src/components/ui.tsx(590,32): error TS2339: Property 'sectionTitleText' does not exist on type '{ glassContainer: { overflow: "hidden"; borderWidth: number; shadowOpacity: number; shadowRadius: number; shadowOffset: { width: number; height: number; }; elevation: number; }; glassContent: { position: "relative"; }; ... 54 more ...; skeletonBadge: { ...; }; }'.
src/components/ui.tsx(591,44): error TS2339: Property 'sectionSubtitleText' does not exist on type '{ glassContainer: { overflow: "hidden"; borderWidth: number; shadowOpacity: number; shadowRadius: number; shadowOffset: { width: number; height: number; }; elevation: number; }; glassContent: { position: "relative"; }; ... 54 more ...; skeletonBadge: { ...; }; }'.
src/components/ui.tsx(613,26): error TS2339: Property 'infoRow' does not exist on type '{ glassContainer: { overflow: "hidden"; borderWidth: number; shadowOpacity: number; shadowRadius: number; shadowOffset: { width: number; height: number; }; elevation: number; }; glassContent: { position: "relative"; }; ... 54 more ...; skeletonBadge: { ...; }; }'.
src/components/ui.tsx(614,28): error TS2339: Property 'infoLabel' does not exist on type '{ glassContainer: { overflow: "hidden"; borderWidth: number; shadowOpacity: number; shadowRadius: number; shadowOffset: { width: number; height: number; }; elevation: number; }; glassContent: { position: "relative"; }; ... 54 more ...; skeletonBadge: { ...; }; }'.
src/components/ui.tsx(615,41): error TS2339: Property 'infoValue' does not exist on type '{ glassContainer: { overflow: "hidden"; borderWidth: number; shadowOpacity: number; shadowRadius: number; shadowOffset: { width: number; height: number; }; elevation: number; }; glassContent: { position: "relative"; }; ... 54 more ...; skeletonBadge: { ...; }; }'.
src/components/ui.tsx(637,39): error TS2339: Property 'iconButton' does not exist on type '{ glassContainer: { overflow: "hidden"; borderWidth: number; shadowOpacity: number; shadowRadius: number; shadowOffset: { width: number; height: number; }; elevation: number; }; glassContent: { position: "relative"; }; ... 54 more ...; skeletonBadge: { ...; }; }'.
src/components/ui.tsx(643,24): error TS2339: Property 'iconButtonGlass' does not exist on type '{ glassContainer: { overflow: "hidden"; borderWidth: number; shadowOpacity: number; shadowRadius: number; shadowOffset: { width: number; height: number; }; elevation: number; }; glassContent: { position: "relative"; }; ... 54 more ...; skeletonBadge: { ...; }; }'.
src/components/ui.tsx(644,31): error TS2551: Property 'iconButtonContent' does not exist on type '{ glassContainer: { overflow: "hidden"; borderWidth: number; shadowOpacity: number; shadowRadius: number; shadowOffset: { width: number; height: number; }; elevation: number; }; glassContent: { position: "relative"; }; ... 54 more ...; skeletonBadge: { ...; }; }'. Did you mean 'buttonContent'?
src/components/ui.tsx(647,39): error TS2339: Property 'iconButtonLabel' does not exist on type '{ glassContainer: { overflow: "hidden"; borderWidth: number; shadowOpacity: number; shadowRadius: number; shadowOffset: { width: number; height: number; }; elevation: number; }; glassContent: { position: "relative"; }; ... 54 more ...; skeletonBadge: { ...; }; }'.
src/components/ui.tsx(679,26): error TS2339: Property 'textFieldWrap' does not exist on type '{ glassContainer: { overflow: "hidden"; borderWidth: number; shadowOpacity: number; shadowRadius: number; shadowOffset: { width: number; height: number; }; elevation: number; }; glassContent: { position: "relative"; }; ... 54 more ...; skeletonBadge: { ...; }; }'.
src/components/ui.tsx(680,37): error TS2339: Property 'textFieldLabel' does not exist on type '{ glassContainer: { overflow: "hidden"; borderWidth: number; shadowOpacity: number; shadowRadius: number; shadowOffset: { width: number; height: number; }; elevation: number; }; glassContent: { position: "relative"; }; ... 54 more ...; skeletonBadge: { ...; }; }'.
src/components/ui.tsx(686,18): error TS2339: Property 'textFieldGlass' does not exist on type '{ glassContainer: { overflow: "hidden"; borderWidth: number; shadowOpacity: number; shadowRadius: number; shadowOffset: { width: number; height: number; }; elevation: number; }; glassContent: { position: "relative"; }; ... 54 more ...; skeletonBadge: { ...; }; }'.
src/components/ui.tsx(692,29): error TS2339: Property 'textFieldRow' does not exist on type '{ glassContainer: { overflow: "hidden"; borderWidth: number; shadowOpacity: number; shadowRadius: number; shadowOffset: { width: number; height: number; }; elevation: number; }; glassContent: { position: "relative"; }; ... 54 more ...; skeletonBadge: { ...; }; }'.
src/components/ui.tsx(697,28): error TS2339: Property 'textFieldInput' does not exist on type '{ glassContainer: { overflow: "hidden"; borderWidth: number; shadowOpacity: number; shadowRadius: number; shadowOffset: { width: number; height: number; }; elevation: number; }; glassContent: { position: "relative"; }; ... 54 more ...; skeletonBadge: { ...; }; }'.
src/components/ui.tsx(699,49): error TS2339: Property 'textFieldAccessory' does not exist on type '{ glassContainer: { overflow: "hidden"; borderWidth: number; shadowOpacity: number; shadowRadius: number; shadowOffset: { width: number; height: number; }; elevation: number; }; glassContent: { position: "relative"; }; ... 54 more ...; skeletonBadge: { ...; }; }'.
src/components/ui.tsx(702,37): error TS2339: Property 'textFieldError' does not exist on type '{ glassContainer: { overflow: "hidden"; borderWidth: number; shadowOpacity: number; shadowRadius: number; shadowOffset: { width: number; height: number; }; elevation: number; }; glassContent: { position: "relative"; }; ... 54 more ...; skeletonBadge: { ...; }; }'.
src/components/ui.tsx(703,52): error TS2339: Property 'textFieldHelper' does not exist on type '{ glassContainer: { overflow: "hidden"; borderWidth: number; shadowOpacity: number; shadowRadius: number; shadowOffset: { width: number; height: number; }; elevation: number; }; glassContent: { position: "relative"; }; ... 54 more ...; skeletonBadge: { ...; }; }'.
src/components/ui.tsx(721,59): error TS2339: Property 'emptyState' does not exist on type '{ glassContainer: { overflow: "hidden"; borderWidth: number; shadowOpacity: number; shadowRadius: number; shadowOffset: { width: number; height: number; }; elevation: number; }; glassContent: { position: "relative"; }; ... 54 more ...; skeletonBadge: { ...; }; }'.
src/components/ui.tsx(723,28): error TS2339: Property 'emptyStateTitle' does not exist on type '{ glassContainer: { overflow: "hidden"; borderWidth: number; shadowOpacity: number; shadowRadius: number; shadowOffset: { width: number; height: number; }; elevation: number; }; glassContent: { position: "relative"; }; ... 54 more ...; skeletonBadge: { ...; }; }'.
src/components/ui.tsx(724,43): error TS2339: Property 'emptyStateDescription' does not exist on type '{ glassContainer: { overflow: "hidden"; borderWidth: number; shadowOpacity: number; shadowRadius: number; shadowOffset: { width: number; height: number; }; elevation: number; }; glassContent: { position: "relative"; }; ... 54 more ...; skeletonBadge: { ...; }; }'.
src/components/ui.tsx(725,37): error TS2339: Property 'emptyStateAction' does not exist on type '{ glassContainer: { overflow: "hidden"; borderWidth: number; shadowOpacity: number; shadowRadius: number; shadowOffset: { width: number; height: number; }; elevation: number; }; glassContent: { position: "relative"; }; ... 54 more ...; skeletonBadge: { ...; }; }'.
src/components/ui.tsx(745,26): error TS2339: Property 'gradientCardShell' does not exist on type '{ glassContainer: { overflow: "hidden"; borderWidth: number; shadowOpacity: number; shadowRadius: number; shadowOffset: { width: number; height: number; }; elevation: number; }; glassContent: { position: "relative"; }; ... 54 more ...; skeletonBadge: { ...; }; }'.
src/components/ui.tsx(746,23): error TS2769: No overload matches this call.
  Overload 1 of 2, '(props: LinearGradientProps): LinearGradient', gave the following error.
    Type 'string[]' is not assignable to type 'readonly [ColorValue, ColorValue, ...ColorValue[]]'.
      Source provides no match for required element at position 0 in target.
  Overload 2 of 2, '(props: LinearGradientProps, context: any): LinearGradient', gave the following error.
    Type 'string[]' is not assignable to type 'readonly [ColorValue, ColorValue, ...ColorValue[]]'.
      Source provides no match for required element at position 0 in target.
src/components/ui.tsx(747,28): error TS2339: Property 'gradientCardContent' does not exist on type '{ glassContainer: { overflow: "hidden"; borderWidth: number; shadowOpacity: number; shadowRadius: number; shadowOffset: { width: number; height: number; }; elevation: number; }; glassContent: { position: "relative"; }; ... 54 more ...; skeletonBadge: { ...; }; }'.
src/components/ui.tsx(763,59): error TS2551: Property 'statCardContent' does not exist on type '{ glassContainer: { overflow: "hidden"; borderWidth: number; shadowOpacity: number; shadowRadius: number; shadowOffset: { width: number; height: number; }; elevation: number; }; glassContent: { position: "relative"; }; ... 54 more ...; skeletonBadge: { ...; }; }'. Did you mean 'cardContent'?
src/components/ui.tsx(764,28): error TS2339: Property 'statCardLabel' does not exist on type '{ glassContainer: { overflow: "hidden"; borderWidth: number; shadowOpacity: number; shadowRadius: number; shadowOffset: { width: number; height: number; }; elevation: number; }; glassContent: { position: "relative"; }; ... 54 more ...; skeletonBadge: { ...; }; }'.
src/components/ui.tsx(765,28): error TS2339: Property 'statCardValue' does not exist on type '{ glassContainer: { overflow: "hidden"; borderWidth: number; shadowOpacity: number; shadowRadius: number; shadowOffset: { width: number; height: number; }; elevation: number; }; glassContent: { position: "relative"; }; ... 54 more ...; skeletonBadge: { ...; }; }'.
src/components/ui.tsx(781,26): error TS2339: Property 'stepIndicatorWrap' does not exist on type '{ glassContainer: { overflow: "hidden"; borderWidth: number; shadowOpacity: number; shadowRadius: number; shadowOffset: { width: number; height: number; }; elevation: number; }; glassContent: { position: "relative"; }; ... 54 more ...; skeletonBadge: { ...; }; }'.
src/components/ui.tsx(785,56): error TS2339: Property 'stepIndicatorItem' does not exist on type '{ glassContainer: { overflow: "hidden"; borderWidth: number; shadowOpacity: number; shadowRadius: number; shadowOffset: { width: number; height: number; }; elevation: number; }; glassContent: { position: "relative"; }; ... 54 more ...; skeletonBadge: { ...; }; }'.
src/components/ui.tsx(788,24): error TS2339: Property 'stepIndicatorDot' does not exist on type '{ glassContainer: { overflow: "hidden"; borderWidth: number; shadowOpacity: number; shadowRadius: number; shadowOffset: { width: number; height: number; }; elevation: number; }; glassContent: { position: "relative"; }; ... 54 more ...; skeletonBadge: { ...; }; }'.
src/components/ui.tsx(794,34): error TS2339: Property 'stepIndicatorText' does not exist on type '{ glassContainer: { overflow: "hidden"; borderWidth: number; shadowOpacity: number; shadowRadius: number; shadowOffset: { width: number; height: number; }; elevation: number; }; glassContent: { position: "relative"; }; ... 54 more ...; skeletonBadge: { ...; }; }'.
src/components/ui.tsx(809,31): error TS2339: Property 'skeletonPlaceholder' does not exist on type '{ glassContainer: { overflow: "hidden"; borderWidth: number; shadowOpacity: number; shadowRadius: number; shadowOffset: { width: number; height: number; }; elevation: number; }; glassContent: { position: "relative"; }; ... 54 more ...; skeletonBadge: { ...; }; }'.
src/components/ui.tsx(828,60): error TS2339: Property 'conversationRowContent' does not exist on type '{ glassContainer: { overflow: "hidden"; borderWidth: number; shadowOpacity: number; shadowRadius: number; shadowOffset: { width: number; height: number; }; elevation: number; }; glassContent: { position: "relative"; }; ... 54 more ...; skeletonBadge: { ...; }; }'.
src/components/ui.tsx(830,29): error TS2339: Property 'conversationRowCopy' does not exist on type '{ glassContainer: { overflow: "hidden"; borderWidth: number; shadowOpacity: number; shadowRadius: number; shadowOffset: { width: number; height: number; }; elevation: number; }; glassContent: { position: "relative"; }; ... 54 more ...; skeletonBadge: { ...; }; }'.
src/components/ui.tsx(831,31): error TS2339: Property 'conversationRowHeader' does not exist on type '{ glassContainer: { overflow: "hidden"; borderWidth: number; shadowOpacity: number; shadowRadius: number; shadowOffset: { width: number; height: number; }; elevation: number; }; glassContent: { position: "relative"; }; ... 54 more ...; skeletonBadge: { ...; }; }'.
src/components/ui.tsx(832,34): error TS2339: Property 'conversationRowTitle' does not exist on type '{ glassContainer: { overflow: "hidden"; borderWidth: number; shadowOpacity: number; shadowRadius: number; shadowOffset: { width: number; height: number; }; elevation: number; }; glassContent: { position: "relative"; }; ... 54 more ...; skeletonBadge: { ...; }; }'.
src/components/ui.tsx(835,42): error TS2339: Property 'conversationRowTime' does not exist on type '{ glassContainer: { overflow: "hidden"; borderWidth: number; shadowOpacity: number; shadowRadius: number; shadowOffset: { width: number; height: number; }; elevation: number; }; glassContent: { position: "relative"; }; ... 54 more ...; skeletonBadge: { ...; }; }'.
src/components/ui.tsx(838,34): error TS2339: Property 'conversationRowPreview' does not exist on type '{ glassContainer: { overflow: "hidden"; borderWidth: number; shadowOpacity: number; shadowRadius: number; shadowOffset: { width: number; height: number; }; elevation: number; }; glassContent: { position: "relative"; }; ... 54 more ...; skeletonBadge: { ...; }; }'.
src/components/ui.tsx(843,44): error TS2339: Property 'conversationUnread' does not exist on type '{ glassContainer: { overflow: "hidden"; borderWidth: number; shadowOpacity: number; shadowRadius: number; shadowOffset: { width: number; height: number; }; elevation: number; }; glassContent: { position: "relative"; }; ... 54 more ...; skeletonBadge: { ...; }; }'.
src/components/ui.tsx(864,60): error TS2339: Property 'notificationRowContent' does not exist on type '{ glassContainer: { overflow: "hidden"; borderWidth: number; shadowOpacity: number; shadowRadius: number; shadowOffset: { width: number; height: number; }; elevation: number; }; glassContent: { position: "relative"; }; ... 54 more ...; skeletonBadge: { ...; }; }'.
src/components/ui.tsx(865,30): error TS2339: Property 'notificationDot' does not exist on type '{ glassContainer: { overflow: "hidden"; borderWidth: number; shadowOpacity: number; shadowRadius: number; shadowOffset: { width: number; height: number; }; elevation: number; }; glassContent: { position: "relative"; }; ... 54 more ...; skeletonBadge: { ...; }; }'.
src/components/ui.tsx(866,29): error TS2339: Property 'notificationCopy' does not exist on type '{ glassContainer: { overflow: "hidden"; borderWidth: number; shadowOpacity: number; shadowRadius: number; shadowOffset: { width: number; height: number; }; elevation: number; }; glassContent: { position: "relative"; }; ... 54 more ...; skeletonBadge: { ...; }; }'.
src/components/ui.tsx(867,32): error TS2339: Property 'notificationTitle' does not exist on type '{ glassContainer: { overflow: "hidden"; borderWidth: number; shadowOpacity: number; shadowRadius: number; shadowOffset: { width: number; height: number; }; elevation: number; }; glassContent: { position: "relative"; }; ... 54 more ...; skeletonBadge: { ...; }; }'.
src/components/ui.tsx(868,40): error TS2339: Property 'notificationBody' does not exist on type '{ glassContainer: { overflow: "hidden"; borderWidth: number; shadowOpacity: number; shadowRadius: number; shadowOffset: { width: number; height: number; }; elevation: number; }; glassContent: { position: "relative"; }; ... 54 more ...; skeletonBadge: { ...; }; }'.
src/components/ui.tsx(869,40): error TS2339: Property 'notificationTime' does not exist on type '{ glassContainer: { overflow: "hidden"; borderWidth: number; shadowOpacity: number; shadowRadius: number; shadowOffset: { width: number; height: number; }; elevation: number; }; glassContent: { position: "relative"; }; ... 54 more ...; skeletonBadge: { ...; }; }'.
src/components/ui.tsx(888,26): error TS2339: Property 'messageBubbleWrap' does not exist on type '{ glassContainer: { overflow: "hidden"; borderWidth: number; shadowOpacity: number; shadowRadius: number; shadowOffset: { width: number; height: number; }; elevation: number; }; glassContent: { position: "relative"; }; ... 54 more ...; skeletonBadge: { ...; }; }'.
src/components/ui.tsx(888,60): error TS2339: Property 'messageBubbleMineWrap' does not exist on type '{ glassContainer: { overflow: "hidden"; borderWidth: number; shadowOpacity: number; shadowRadius: number; shadowOffset: { width: number; height: number; }; elevation: number; }; glassContent: { position: "relative"; }; ... 54 more ...; skeletonBadge: { ...; }; }'.
src/components/ui.tsx(891,18): error TS2339: Property 'messageBubble' does not exist on type '{ glassContainer: { overflow: "hidden"; borderWidth: number; shadowOpacity: number; shadowRadius: number; shadowOffset: { width: number; height: number; }; elevation: number; }; glassContent: { position: "relative"; }; ... 54 more ...; skeletonBadge: { ...; }; }'.
src/components/ui.tsx(896,26): error TS2339: Property 'messageBubbleMine' does not exist on type '{ glassContainer: { overflow: "hidden"; borderWidth: number; shadowOpacity: number; shadowRadius: number; shadowOffset: { width: number; height: number; }; elevation: number; }; glassContent: { position: "relative"; }; ... 54 more ...; skeletonBadge: { ...; }; }'.
src/components/ui.tsx(899,30): error TS2339: Property 'messageBubbleText' does not exist on type '{ glassContainer: { overflow: "hidden"; borderWidth: number; shadowOpacity: number; shadowRadius: number; shadowOffset: { width: number; height: number; }; elevation: number; }; glassContent: { position: "relative"; }; ... 54 more ...; skeletonBadge: { ...; }; }'.
src/components/ui.tsx(901,36): error TS2339: Property 'messageBubbleTime' does not exist on type '{ glassContainer: { overflow: "hidden"; borderWidth: number; shadowOpacity: number; shadowRadius: number; shadowOffset: { width: number; height: number; }; elevation: number; }; glassContent: { position: "relative"; }; ... 54 more ...; skeletonBadge: { ...; }; }'.
src/components/ui.tsx(921,60): error TS2339: Property 'bookingCardContent' does not exist on type '{ glassContainer: { overflow: "hidden"; borderWidth: number; shadowOpacity: number; shadowRadius: number; shadowOffset: { width: number; height: number; }; elevation: number; }; glassContent: { position: "relative"; }; ... 54 more ...; skeletonBadge: { ...; }; }'.
src/components/ui.tsx(922,29): error TS2339: Property 'bookingCardHeader' does not exist on type '{ glassContainer: { overflow: "hidden"; borderWidth: number; shadowOpacity: number; shadowRadius: number; shadowOffset: { width: number; height: number; }; elevation: number; }; glassContent: { position: "relative"; }; ... 54 more ...; skeletonBadge: { ...; }; }'.
src/components/ui.tsx(923,32): error TS2339: Property 'bookingCardTitle' does not exist on type '{ glassContainer: { overflow: "hidden"; borderWidth: number; shadowOpacity: number; shadowRadius: number; shadowOffset: { width: number; height: number; }; elevation: number; }; glassContent: { position: "relative"; }; ... 54 more ...; skeletonBadge: { ...; }; }'.
src/components/ui.tsx(928,42): error TS2339: Property 'bookingCardSubtitle' does not exist on type '{ glassContainer: { overflow: "hidden"; borderWidth: number; shadowOpacity: number; shadowRadius: number; shadowOffset: { width: number; height: number; }; elevation: number; }; glassContent: { position: "relative"; }; ... 54 more ...; skeletonBadge: { ...; }; }'.
src/components/ui.tsx(946,128): error TS2339: Property 'checkboxRow' does not exist on type '{ glassContainer: { overflow: "hidden"; borderWidth: number; shadowOpacity: number; shadowRadius: number; shadowOffset: { width: number; height: number; }; elevation: number; }; glassContent: { position: "relative"; }; ... 54 more ...; skeletonBadge: { ...; }; }'.
src/components/ui.tsx(948,28): error TS2339: Property 'checkboxLabel' does not exist on type '{ glassContainer: { overflow: "hidden"; borderWidth: number; shadowOpacity: number; shadowRadius: number; shadowOffset: { width: number; height: number; }; elevation: number; }; glassContent: { position: "relative"; }; ... 54 more ...; skeletonBadge: { ...; }; }'.
src/components/ui.tsx(965,26): error TS2339: Property 'toggleRow' does not exist on type '{ glassContainer: { overflow: "hidden"; borderWidth: number; shadowOpacity: number; shadowRadius: number; shadowOffset: { width: number; height: number; }; elevation: number; }; glassContent: { position: "relative"; }; ... 54 more ...; skeletonBadge: { ...; }; }'.
src/components/ui.tsx(966,28): error TS2339: Property 'toggleRowLabel' does not exist on type '{ glassContainer: { overflow: "hidden"; borderWidth: number; shadowOpacity: number; shadowRadius: number; shadowOffset: { width: number; height: number; }; elevation: number; }; glassContent: { position: "relative"; }; ... 54 more ...; skeletonBadge: { ...; }; }'.
src/components/ui.tsx(985,26): error TS2339: Property 'amenitiesGrid' does not exist on type '{ glassContainer: { overflow: "hidden"; borderWidth: number; shadowOpacity: number; shadowRadius: number; shadowOffset: { width: number; height: number; }; elevation: number; }; glassContent: { position: "relative"; }; ... 54 more ...; skeletonBadge: { ...; }; }'.
src/components/ui.tsx(1006,60): error TS2339: Property 'mapPreviewContent' does not exist on type '{ glassContainer: { overflow: "hidden"; borderWidth: number; shadowOpacity: number; shadowRadius: number; shadowOffset: { width: number; height: number; }; elevation: number; }; glassContent: { position: "relative"; }; ... 54 more ...; skeletonBadge: { ...; }; }'.
src/components/ui.tsx(1008,29): error TS2339: Property 'mapPreviewCopy' does not exist on type '{ glassContainer: { overflow: "hidden"; borderWidth: number; shadowOpacity: number; shadowRadius: number; shadowOffset: { width: number; height: number; }; elevation: number; }; glassContent: { position: "relative"; }; ... 54 more ...; skeletonBadge: { ...; }; }'.
src/components/ui.tsx(1009,32): error TS2339: Property 'mapPreviewTitle' does not exist on type '{ glassContainer: { overflow: "hidden"; borderWidth: number; shadowOpacity: number; shadowRadius: number; shadowOffset: { width: number; height: number; }; elevation: number; }; glassContent: { position: "relative"; }; ... 54 more ...; skeletonBadge: { ...; }; }'.
src/components/ui.tsx(1010,44): error TS2339: Property 'mapPreviewSubtitle' does not exist on type '{ glassContainer: { overflow: "hidden"; borderWidth: number; shadowOpacity: number; shadowRadius: number; shadowOffset: { width: number; height: number; }; elevation: number; }; glassContent: { position: "relative"; }; ... 54 more ...; skeletonBadge: { ...; }; }'.
src/components/ui.tsx(1029,26): error TS2339: Property 'ratingStarsRow' does not exist on type '{ glassContainer: { overflow: "hidden"; borderWidth: number; shadowOpacity: number; shadowRadius: number; shadowOffset: { width: number; height: number; }; elevation: number; }; glassContent: { position: "relative"; }; ... 54 more ...; skeletonBadge: { ...; }; }'.
src/components/ui.tsx(1033,28): error TS2339: Property 'ratingStarsText' does not exist on type '{ glassContainer: { overflow: "hidden"; borderWidth: number; shadowOpacity: number; shadowRadius: number; shadowOffset: { width: number; height: number; }; elevation: number; }; glassContent: { position: "relative"; }; ... 54 more ...; skeletonBadge: { ...; }; }'.
src/components/ui.tsx(1034,57): error TS2339: Property 'ratingStarsCount' does not exist on type '{ glassContainer: { overflow: "hidden"; borderWidth: number; shadowOpacity: number; shadowRadius: number; shadowOffset: { width: number; height: number; }; elevation: number; }; glassContent: { position: "relative"; }; ... 54 more ...; skeletonBadge: { ...; }; }'.
src/components/ui.tsx(1046,98): error TS2339: Property 'galleryStripContent' does not exist on type '{ glassContainer: { overflow: "hidden"; borderWidth: number; shadowOpacity: number; shadowRadius: number; shadowOffset: { width: number; height: number; }; elevation: number; }; glassContent: { position: "relative"; }; ... 54 more ...; skeletonBadge: { ...; }; }'.
src/components/ui.tsx(1051,25): error TS2339: Property 'galleryImage' does not exist on type '{ glassContainer: { overflow: "hidden"; borderWidth: number; shadowOpacity: number; shadowRadius: number; shadowOffset: { width: number; height: number; }; elevation: number; }; glassContent: { position: "relative"; }; ... 54 more ...; skeletonBadge: { ...; }; }'.
src/components/ui.tsx(1052,11): error TS2769: No overload matches this call.
  Overload 1 of 2, '(props: ImageProps): Image', gave the following error.
    Type '{ key: string; source: { uri: string; }; style: any; contentFit: string; }' is not assignable to type 'IntrinsicAttributes & IntrinsicClassAttributes<Image> & Readonly<ImageProps>'.
      Property 'contentFit' does not exist on type 'IntrinsicAttributes & IntrinsicClassAttributes<Image> & Readonly<ImageProps>'.
  Overload 2 of 2, '(props: ImageProps, context: any): Image', gave the following error.
    Type '{ key: string; source: { uri: string; }; style: any; contentFit: string; }' is not assignable to type 'IntrinsicAttributes & IntrinsicClassAttributes<Image> & Readonly<ImageProps>'.
      Property 'contentFit' does not exist on type 'IntrinsicAttributes & IntrinsicClassAttributes<Image> & Readonly<ImageProps>'.
src/components/ui.tsx(1071,79): error TS2339: Property 'contactCtaShell' does not exist on type '{ glassContainer: { overflow: "hidden"; borderWidth: number; shadowOpacity: number; shadowRadius: number; shadowOffset: { width: number; height: number; }; elevation: number; }; glassContent: { position: "relative"; }; ... 54 more ...; skeletonBadge: { ...; }; }'.
src/components/ui.tsx(1072,27): error TS2339: Property 'contactCtaTop' does not exist on type '{ glassContainer: { overflow: "hidden"; borderWidth: number; shadowOpacity: number; shadowRadius: number; shadowOffset: { width: number; height: number; }; elevation: number; }; glassContent: { position: "relative"; }; ... 54 more ...; skeletonBadge: { ...; }; }'.
src/components/ui.tsx(1073,30): error TS2339: Property 'contactCtaLabel' does not exist on type '{ glassContainer: { overflow: "hidden"; borderWidth: number; shadowOpacity: number; shadowRadius: number; shadowOffset: { width: number; height: number; }; elevation: number; }; glassContent: { position: "relative"; }; ... 54 more ...; skeletonBadge: { ...; }; }'.
src/components/ui.tsx(1074,30): error TS2339: Property 'contactCtaPrice' does not exist on type '{ glassContainer: { overflow: "hidden"; borderWidth: number; shadowOpacity: number; shadowRadius: number; shadowOffset: { width: number; height: number; }; elevation: number; }; glassContent: { position: "relative"; }; ... 54 more ...; skeletonBadge: { ...; }; }'.
src/components/ui.tsx(1076,27): error TS2339: Property 'contactCtaButtons' does not exist on type '{ glassContainer: { overflow: "hidden"; borderWidth: number; shadowOpacity: number; shadowRadius: number; shadowOffset: { width: number; height: number; }; elevation: number; }; glassContent: { position: "relative"; }; ... 54 more ...; skeletonBadge: { ...; }; }'.
src/components/ui.tsx(1077,76): error TS2339: Property 'contactCtaButton' does not exist on type '{ glassContainer: { overflow: "hidden"; borderWidth: number; shadowOpacity: number; shadowRadius: number; shadowOffset: { width: number; height: number; }; elevation: number; }; glassContent: { position: "relative"; }; ... 54 more ...; skeletonBadge: { ...; }; }'.
src/components/ui.tsx(1078,72): error TS2339: Property 'contactCtaButton' does not exist on type '{ glassContainer: { overflow: "hidden"; borderWidth: number; shadowOpacity: number; shadowRadius: number; shadowOffset: { width: number; height: number; }; elevation: number; }; glassContent: { position: "relative"; }; ... 54 more ...; skeletonBadge: { ...; }; }'.
src/components/ui.tsx(1084,13): error TS2300: Duplicate identifier 'AppScreenProps'.
src/components/ui.tsx(1086,17): error TS2323: Cannot redeclare exported variable 'AppScreen'.
src/components/ui.tsx(1086,17): error TS2393: Duplicate function implementation.
src/screens/BookingScreen.tsx(167,25): error TS2322: Type '"arrow-back-ios-new"' is not assignable to type '"list" | "map" | "push" | "filter" | "at" | "add" | "language" | "search" | "wifi" | "options" | "link" | "unlink" | "home" | "image" | "text" | "alert" | "checkbox" | "menu" | "radio" | ... 1337 more ... | "woman-sharp"'.
src/screens/HomeScreen.tsx(238,13): error TS2820: Type '"notifications-none"' is not assignable to type '"list" | "map" | "push" | "filter" | "at" | "add" | "language" | "search" | "wifi" | "options" | "link" | "unlink" | "home" | "image" | "text" | "alert" | "checkbox" | "menu" | "radio" | ... 1337 more ... | "woman-sharp"'. Did you mean '"notifications-off"'?
src/screens/index.tsx(262,27): error TS2820: Type '"notifications-none"' is not assignable to type '"list" | "map" | "push" | "filter" | "at" | "add" | "language" | "search" | "wifi" | "options" | "link" | "unlink" | "home" | "image" | "text" | "alert" | "checkbox" | "menu" | "radio" | ... 1337 more ... | "woman-sharp"'. Did you mean '"notifications-off"'?
src/screens/index.tsx(451,251): error TS2322: Type '"edit"' is not assignable to type '"list" | "map" | "push" | "filter" | "at" | "add" | "language" | "search" | "wifi" | "options" | "link" | "unlink" | "home" | "image" | "text" | "alert" | "checkbox" | "menu" | "radio" | ... 1337 more ... | "woman-sharp"'.
src/screens/MapScreen.tsx(190,25): error TS2322: Type '"arrow-back-ios-new"' is not assignable to type '"list" | "map" | "push" | "filter" | "at" | "add" | "language" | "search" | "wifi" | "options" | "link" | "unlink" | "home" | "image" | "text" | "alert" | "checkbox" | "menu" | "radio" | ... 1337 more ... | "woman-sharp"'.
src/screens/MapScreen.tsx(195,25): error TS2322: Type '"tune"' is not assignable to type '"list" | "map" | "push" | "filter" | "at" | "add" | "language" | "search" | "wifi" | "options" | "link" | "unlink" | "home" | "image" | "text" | "alert" | "checkbox" | "menu" | "radio" | ... 1337 more ... | "woman-sharp"'.
src/screens/PaymentScreen.tsx(61,25): error TS2322: Type '"arrow-back-ios-new"' is not assignable to type '"list" | "map" | "push" | "filter" | "at" | "add" | "language" | "search" | "wifi" | "options" | "link" | "unlink" | "home" | "image" | "text" | "alert" | "checkbox" | "menu" | "radio" | ... 1337 more ... | "woman-sharp"'.
src/screens/ProfileScreen.tsx(254,19): error TS2322: Type '"edit"' is not assignable to type '"list" | "map" | "push" | "filter" | "at" | "add" | "language" | "search" | "wifi" | "options" | "link" | "unlink" | "home" | "image" | "text" | "alert" | "checkbox" | "menu" | "radio" | ... 1337 more ... | "woman-sharp"'.
src/screens/PropertyDetailScreen.tsx(274,11): error TS2322: Type '"arrow-back-ios-new"' is not assignable to type '"list" | "map" | "push" | "filter" | "at" | "add" | "language" | "search" | "wifi" | "options" | "link" | "unlink" | "home" | "image" | "text" | "alert" | "checkbox" | "menu" | "radio" | ... 1337 more ... | "woman-sharp"'.
src/screens/PropertyDetailScreen.tsx(283,23): error TS2322: Type '"favorite-border"' is not assignable to type '"list" | "map" | "push" | "filter" | "at" | "add" | "language" | "search" | "wifi" | "options" | "link" | "unlink" | "home" | "image" | "text" | "alert" | "checkbox" | "menu" | "radio" | ... 1337 more ... | "woman-sharp"'.
src/screens/PropertyDetailScreen.tsx(284,23): error TS2322: Type '"ios-share"' is not assignable to type '"list" | "map" | "push" | "filter" | "at" | "add" | "language" | "search" | "wifi" | "options" | "link" | "unlink" | "home" | "image" | "text" | "alert" | "checkbox" | "menu" | "radio" | ... 1337 more ... | "woman-sharp"'.
src/screens/PropertyDetailScreen.tsx(406,11): error TS2322: Type '{ price: string; caption: string; primaryLabel: string; onPrimaryPress: () => void; actions: { icon: string; label: string; onPress: () => any; }[]; }' is not assignable to type 'IntrinsicAttributes & ContactCTAProps'.
  Property 'caption' does not exist on type 'IntrinsicAttributes & ContactCTAProps'.
src/screens/SearchScreen.tsx(413,21): error TS2820: Type '"view-grid-outline"' is not assignable to type '"list" | "map" | "push" | "filter" | "at" | "add" | "language" | "search" | "wifi" | "options" | "link" | "unlink" | "home" | "image" | "text" | "alert" | "checkbox" | "menu" | "radio" | ... 1338 more ... | undefined'. Did you mean '"grid-outline"'?
